// Jest Snapshot v1, https://goo.gl/fbAQLP

exports[`SSR should succeed with renderToStaticMarkup 1`] = `"<div>0</div>"`;

exports[`SSR should succeed with renderToString 1`] = `"<div>0</div>"`;
